Picked up _JAVA_OPTIONS: -XX:MaxRAMPercentage=25
Picked up _JAVA_OPTIONS: -XX:MaxRAMPercentage=25
Picked up _JAVA_OPTIONS: -XX:MaxRAMPercentage=25
openjdk version "21.0.11-ea" 2026-04-21
OpenJDK Runtime Environment (build 21.0.11-ea+5-1-Debian)
OpenJDK 64-Bit Server VM (build 21.0.11-ea+5-1-Debian, mixed mode)
INFO  Using log config file: jar:file:/opt/ghidra_11.2.1_PUBLIC/Ghidra/Framework/Generic/lib/Generic.jar!/generic.log4j.xml (LoggingInitialization)  
INFO  Using log file: /home/jijo/.config/ghidra/ghidra_11.2.1_PUBLIC/application.log (LoggingInitialization)  
INFO  Loading user preferences: /home/jijo/.config/ghidra/ghidra_11.2.1_PUBLIC/preferences (Preferences)  
INFO  Searching for classes... (ClassSearcher)  
INFO  Class search complete (634 ms) (ClassSearcher)  
INFO  Initializing SSL Context (SSLContextInitializer)  
INFO  Initializing Random Number Generator... (SecureRandomFactory)  
INFO  Random Number Generator initialization complete: NativePRNGNonBlocking (SecureRandomFactory)  
INFO  Trust manager disabled, cacerts have not been set (ApplicationTrustManagerFactory)  
INFO  Headless startup complete (1665 ms) (AnalyzeHeadless)  
INFO  Class searcher loaded 57 extension points (18 false positives) (ClassSearcher)  
INFO  HEADLESS Script Paths:
    /opt/ghidra_11.2.1_PUBLIC/Ghidra/Features/FileFormats/ghidra_scripts
    /opt/ghidra_11.2.1_PUBLIC/Ghidra/Features/GnuDemangler/ghidra_scripts
    /opt/ghidra_11.2.1_PUBLIC/Ghidra/Processors/Atmel/ghidra_scripts
    /opt/ghidra_11.2.1_PUBLIC/Ghidra/Features/BSim/ghidra_scripts
    /opt/ghidra_11.2.1_PUBLIC/Ghidra/Features/Decompiler/ghidra_scripts
    /opt/ghidra_11.2.1_PUBLIC/Ghidra/Processors/JVM/ghidra_scripts
    /opt/ghidra_11.2.1_PUBLIC/Ghidra/Features/BytePatterns/ghidra_scripts
    /opt/ghidra_11.2.1_PUBLIC/Ghidra/Features/MicrosoftCodeAnalyzer/ghidra_scripts
    /opt/ghidra_11.2.1_PUBLIC/Ghidra/Processors/8051/ghidra_scripts
    /opt/ghidra_11.2.1_PUBLIC/Ghidra/Features/PDB/ghidra_scripts
    /opt/ghidra_11.2.1_PUBLIC/Ghidra/Debug/Debugger-agent-dbgmodel-traceloader/ghidra_scripts
    /opt/ghidra_11.2.1_PUBLIC/Ghidra/Features/SystemEmulation/ghidra_scripts
    /opt/ghidra_11.2.1_PUBLIC/Ghidra/Features/WildcardAssembler/ghidra_scripts
    /opt/ghidra_11.2.1_PUBLIC/Ghidra/Features/SwiftDemangler/ghidra_scripts
    /opt/ghidra_11.2.1_PUBLIC/Ghidra/Processors/PIC/ghidra_scripts
    /opt/ghidra_11.2.1_PUBLIC/Ghidra/Processors/DATA/ghidra_scripts
    /opt/ghidra_11.2.1_PUBLIC/Ghidra/Features/VersionTracking/ghidra_scripts
    /opt/ghidra_11.2.1_PUBLIC/Ghidra/Debug/Debugger/ghidra_scripts
    /opt/ghidra_11.2.1_PUBLIC/Ghidra/Features/Base/ghidra_scripts
    /opt/ghidra_11.2.1_PUBLIC/Ghidra/Debug/Debugger-agent-frida/ghidra_scripts
    /opt/ghidra_11.2.1_PUBLIC/Ghidra/Features/Jython/ghidra_scripts
    /opt/ghidra_11.2.1_PUBLIC/Ghidra/Features/FunctionID/ghidra_scripts
    /home/jijo/revctf/scripts
    /opt/ghidra_11.2.1_PUBLIC/Ghidra/Debug/Debugger-rmi-trace/ghidra_scripts (HeadlessAnalyzer)  
INFO  HEADLESS: execution starts (HeadlessAnalyzer)  
INFO  Creating temporary project: /tmp/revctf-work.zgz0n4/ghidra-proj.0/revctf (HeadlessAnalyzer)  
INFO  Creating project: /tmp/revctf-work.zgz0n4/ghidra-proj.0/revctf (DefaultProject)  
INFO  REPORT: Processing input files:  (HeadlessAnalyzer)  
INFO       project: /tmp/revctf-work.zgz0n4/ghidra-proj.0/revctf (HeadlessAnalyzer)  
INFO  IMPORTING: file:///home/jijo/revctf-realworld/bbbbloat (HeadlessAnalyzer)  
INFO  Using Loader: Executable and Linking Format (ELF) (AutoImporter)  
INFO  Using Language/Compiler: x86:LE:64:default:gcc (AutoImporter)  
INFO  Using Library Search Path: [., /bin, /lib, /lib64, /lib/x86_64-linux-gnu, /lib/aarch64-linux-gnu, /usr/bin, /usr/lib, /usr/X11R6/bin, /usr/X11R6/lib, /usr/java/packages/lib, /usr/lib/x86_64-linux-gnu/jni, /usr/lib/x86_64-linux-gnu, /usr/lib/jni] (AutoImporter)  
INFO  Additional info:
Loading file:///home/jijo/revctf-realworld/bbbbloat?MD5=a120952a90ca2347dc65d8f0fb12e704...
ELF Relocation Failure: R_X86_64_COPY (5, 0x5) at 00104010 (Symbol = stdout) - Runtime copy not supported (8-bytes)
Setting block .init_array to read-only
Setting block .fini_array to read-only
Setting block .dynamic to read-only
Failed to markup ELF Note at 00100338: data conflict
Failed to markup ELF Note at 00100358: data conflict
Failed to markup ELF Note at 0010037c: data conflict
------------------------------------------------

Linking the External Programs of 'bbbbloat' to imported libraries...
  [libc.so.6] -> not found in project
------------------------------------------------

Resolving External Symbols of [/bbbbloat] - 11 unresolved symbols, no external libraries configured - skipping
 (AutoImporter)  
INFO  IMPORTING: Loaded 0 additional files (HeadlessAnalyzer)  
INFO  ANALYZING all memory and code: file:///home/jijo/revctf-realworld/bbbbloat (HeadlessAnalyzer)  
INFO  DWARF external debug information found: ExternalDebugInfo [filename=null, crc=0, hash=99c5c1ce06be240322c15bcabc3cd90318eb2003] (ExternalDebugFileSectionProvider)  
INFO  Unable to find DWARF information, skipping DWARF analysis (DWARFAnalyzer)  
INFO  hit non-returning function, restarting decompiler switch analyzer later (DecompilerSwitchAnalyzer)  
WARN  Decompiling 00101190, pcode error at 00105010: Unable to disassemble EXTERNAL block location: 00105010 (DecompileCallback)  
WARN  Decompiling 001011c0, pcode error at 00105058: Unable to disassemble EXTERNAL block location: 00105058 (DecompileCallback)  
INFO  Packed database cache: /home/jijo/.cache/ghidra/packed-db-cache (PackedDatabaseCache)  
INFO  Applied data type archive: generic_clib_64 (ApplyDataArchiveAnalyzer)  
INFO  -----------------------------------------------------
    ASCII Strings                              0.155 secs
    Apply Data Archives                        0.402 secs
    Call Convention ID                         0.001 secs
    Call-Fixup Installer                       0.005 secs
    Create Address Tables                      0.003 secs
    Create Function                            0.008 secs
    DWARF                                      0.013 secs
    Data Reference                             0.007 secs
    Decompiler Switch Analysis                 0.039 secs
    Decompiler Switch Analysis - One Time      0.929 secs
    Demangler GNU                              0.051 secs
    Disassemble Entry Points                   0.122 secs
    ELF Scalar Operand References              0.013 secs
    Embedded Media                             0.008 secs
    External Entry References                  0.001 secs
    Function ID                                0.037 secs
    Function Start Search                      0.028 secs
    Function Start Search After Code           0.009 secs
    Function Start Search After Data           0.000 secs
    GCC Exception Handlers                     0.125 secs
    Non-Returning Functions - Discovered       0.009 secs
    Non-Returning Functions - Known            0.003 secs
    Reference                                  0.019 secs
    Shared Return Calls                        0.009 secs
    Stack                                      0.049 secs
    Subroutine References                      0.005 secs
    Subroutine References - One Time           0.000 secs
    x86 Constant Reference Analyzer            0.151 secs
-----------------------------------------------------
     Total Time   2 secs
-----------------------------------------------------
 (AutoAnalysisManager)  
INFO  REPORT: Analysis succeeded for file: file:///home/jijo/revctf-realworld/bbbbloat (HeadlessAnalyzer)  
INFO  SCRIPT: /home/jijo/revctf/scripts/jython_decompile.py (HeadlessAnalyzer)  
=== REVCTF-GHIDRA-BEGIN ===
Program        : bbbbloat
Language       : x86:LE:64:default
Compiler spec  : gcc
Image base     : 00100000
Functions found: 50
Mode           : full decompile

=== Function inventory ===
  _DT_INIT                                 00101000  (27 bytes)
  FUN_00101020                             00101020  (13 bytes)
  FUN_001010c0                             001010c0  (11 bytes)
  free                                     001010d0  (11 bytes)
  putchar                                  001010e0  (11 bytes)
  puts                                     001010f0  (11 bytes)
  strlen                                   00101100  (11 bytes)
  __stack_chk_fail                         00101110  (11 bytes)
  printf                                   00101120  (11 bytes)
  fputs                                    00101130  (11 bytes)
  __isoc99_scanf                           00101140  (11 bytes)
  strdup                                   00101150  (11 bytes)
  entry                                    00101160  (47 bytes)
  FUN_00101190                             00101190  (34 bytes)
  FUN_001011c0                             001011c0  (51 bytes)
  _FINI_0                                  00101200  (54 bytes)
  _INIT_0                                  00101240  (9 bytes)
  FUN_00101249                             00101249  (190 bytes)
  FUN_00101307                             00101307  (675 bytes)
  FUN_001015b0                             001015b0  (101 bytes)
  FUN_00101620                             00101620  (5 bytes)
  _DT_FINI                                 00101628  (13 bytes)
  free                                     00105000  (1 bytes)
  putchar                                  00105008  (1 bytes)
  _ITM_deregisterTMCloneTable              00105010  (1 bytes)
  puts                                     00105018  (1 bytes)
  strlen                                   00105020  (1 bytes)
  __stack_chk_fail                         00105028  (1 bytes)
  printf                                   00105030  (1 bytes)
  fputs                                    00105038  (1 bytes)
  __libc_start_main                        00105040  (1 bytes)
  __gmon_start__                           00105048  (1 bytes)
  __isoc99_scanf                           00105050  (1 bytes)
  _ITM_registerTMCloneTable                00105058  (1 bytes)
  strdup                                   00105060  (1 bytes)
  __cxa_finalize                           00105068  (1 bytes)

=== Decompiled pseudo-C ===
/* ---- FUN_00101020 @ 00101020 ---- */

void FUN_00101020(void)

{
  (*(code *)PTR_00103f88)();
  return;
}



/* ---- FUN_001010c0 @ 001010c0 ---- */

void FUN_001010c0(void)

{
  (*(code *)PTR___cxa_finalize_00103ff8)();
  return;
}



/* ---- free @ 001010d0 ---- */

/* WARNING: Unknown calling convention -- yet parameter storage is locked */

void free(void *__ptr)

{
  (*(code *)PTR_free_00103f90)();
  return;
}



/* ---- putchar @ 001010e0 ---- */

/* WARNING: Unknown calling convention -- yet parameter storage is locked */

int putchar(int __c)

{
  int iVar1;
  
  iVar1 = (*(code *)PTR_putchar_00103f98)();
  return iVar1;
}



/* ---- puts @ 001010f0 ---- */

/* WARNING: Unknown calling convention -- yet parameter storage is locked */

int puts(char *__s)

{
  int iVar1;
  
  iVar1 = (*(code *)PTR_puts_00103fa0)();
  return iVar1;
}



/* ---- strlen @ 00101100 ---- */

/* WARNING: Unknown calling convention -- yet parameter storage is locked */

size_t strlen(char *__s)

{
  size_t sVar1;
  
  sVar1 = (*(code *)PTR_strlen_00103fa8)();
  return sVar1;
}



/* ---- printf @ 00101120 ---- */

/* WARNING: Unknown calling convention -- yet parameter storage is locked */

int printf(char *__format,...)

{
  int iVar1;
  
  iVar1 = (*(code *)PTR_printf_00103fb8)();
  return iVar1;
}



/* ---- fputs @ 00101130 ---- */

/* WARNING: Unknown calling convention -- yet parameter storage is locked */

int fputs(char *__s,FILE *__stream)

{
  int iVar1;
  
  iVar1 = (*(code *)PTR_fputs_00103fc0)();
  return iVar1;
}



/* ---- strdup @ 00101150 ---- */

/* WARNING: Unknown calling convention -- yet parameter storage is locked */

char * strdup(char *__s)

{
  char *pcVar1;
  
  pcVar1 = (char *)(*(code *)PTR_strdup_00103fd0)();
  return pcVar1;
}



/* ---- entry @ 00101160 ---- */

void processEntry entry(undefined8 param_1,undefined8 param_2)

{
  undefined auStack_8 [8];
  
  (*(code *)PTR___libc_start_main_00103fe0)
            (FUN_00101307,param_2,&stack0x00000008,FUN_001015b0,FUN_00101620,param_1,auStack_8);
  do {
                    /* WARNING: Do nothing block with infinite loop */
  } while( true );
}



/* ---- FUN_00101190 @ 00101190 ---- */

/* WARNING: Removing unreachable block (ram,0x001011a3) */
/* WARNING: Removing unreachable block (ram,0x001011af) */

void FUN_00101190(void)

{
  return;
}



/* ---- FUN_001011c0 @ 001011c0 ---- */

/* WARNING: Removing unreachable block (ram,0x001011e4) */
/* WARNING: Removing unreachable block (ram,0x001011f0) */

void FUN_001011c0(void)

{
  return;
}



/* ---- FUN_00101249 @ 00101249 ---- */

char * FUN_00101249(undefined8 param_1,char *param_2)

{
  char cVar1;
  char *__s;
  size_t sVar2;
  ulong local_20;
  
  __s = strdup(param_2);
  sVar2 = strlen(__s);
  for (local_20 = 0; local_20 < sVar2; local_20 = local_20 + 1) {
    if ((' ' < __s[local_20]) && (__s[local_20] != '\x7f')) {
      cVar1 = (char)(__s[local_20] + 0x2f);
      if (__s[local_20] + 0x2f < 0x7f) {
        __s[local_20] = cVar1;
      }
      else {
        __s[local_20] = cVar1 + -0x5e;
      }
    }
  }
  return __s;
}



/* ---- FUN_00101307 @ 00101307 ---- */

undefined8 FUN_00101307(void)

{
  long in_FS_OFFSET;
  int local_48;
  undefined4 local_44;
  char *local_40;
  undefined8 local_38;
  undefined8 local_30;
  undefined8 local_28;
  undefined8 local_20;
  long local_10;
  
  local_10 = *(long *)(in_FS_OFFSET + 0x28);
  local_38 = 0x4c75257240343a41;
  local_30 = 0x3062396630664634;
  local_28 = 0x65623066635f3d33;
  local_20 = 0x4e326560623535;
  local_44 = 0xd2c49;
  printf("What\'s my favorite number? ");
  local_44 = 0xd2c49;
  __isoc99_scanf(&DAT_00102020,&local_48);
  local_44 = 0xd2c49;
  if (local_48 == 0x86187) {
    local_44 = 0xd2c49;
    local_40 = (char *)FUN_00101249(0,&local_38);
    fputs(local_40,stdout);
    putchar(10);
    free(local_40);
  }
  else {
    puts("Sorry, that\'s not it!");
  }
  if (local_10 != *(long *)(in_FS_OFFSET + 0x28)) {
                    /* WARNING: Subroutine does not return */
    __stack_chk_fail();
  }
  return 0;
}



/* ---- FUN_001015b0 @ 001015b0 ---- */

void FUN_001015b0(undefined4 param_1,undefined8 param_2,undefined8 param_3)

{
  long lVar1;
  
  _DT_INIT();
  lVar1 = 0;
  do {
    (*(code *)(&__DT_INIT_ARRAY)[lVar1])(param_1,param_2,param_3);
    lVar1 = lVar1 + 1;
  } while (lVar1 != 1);
  return;
}



/* ---- FUN_00101620 @ 00101620 ---- */

void FUN_00101620(void)

{
  return;
}



WARN  Decompiling 00105000, pcode error at 00105000: Unable to disassemble EXTERNAL block location: 00105000 (DecompileCallback)  
/* ---- free @ 00105000 ---- */

/* WARNING: Control flow encountered bad instruction data */
/* WARNING: Unknown calling convention -- yet parameter storage is locked */

void free(void *__ptr)

{
                    /* WARNING: Bad instruction - Truncating control flow here */
  halt_baddata();
}



WARN  Decompiling 00105008, pcode error at 00105008: Unable to disassemble EXTERNAL block location: 00105008 (DecompileCallback)  
/* ---- putchar @ 00105008 ---- */

/* WARNING: Control flow encountered bad instruction data */
/* WARNING: Unknown calling convention -- yet parameter storage is locked */

int putchar(int __c)

{
                    /* WARNING: Bad instruction - Truncating control flow here */
  halt_baddata();
}



WARN  Decompiling 00105018, pcode error at 00105018: Unable to disassemble EXTERNAL block location: 00105018 (DecompileCallback)  
/* ---- puts @ 00105018 ---- */

/* WARNING: Control flow encountered bad instruction data */
/* WARNING: Unknown calling convention -- yet parameter storage is locked */

int puts(char *__s)

{
                    /* WARNING: Bad instruction - Truncating control flow here */
  halt_baddata();
}



WARN  Decompiling 00105020, pcode error at 00105020: Unable to disassemble EXTERNAL block location: 00105020 (DecompileCallback)  
/* ---- strlen @ 00105020 ---- */

/* WARNING: Control flow encountered bad instruction data */
/* WARNING: Unknown calling convention -- yet parameter storage is locked */

size_t strlen(char *__s)

{
                    /* WARNING: Bad instruction - Truncating control flow here */
  halt_baddata();
}



WARN  Decompiling 00105030, pcode error at 00105030: Unable to disassemble EXTERNAL block location: 00105030 (DecompileCallback)  
/* ---- printf @ 00105030 ---- */

/* WARNING: Control flow encountered bad instruction data */
/* WARNING: Unknown calling convention -- yet parameter storage is locked */

int printf(char *__format,...)

{
                    /* WARNING: Bad instruction - Truncating control flow here */
  halt_baddata();
}



WARN  Decompiling 00105038, pcode error at 00105038: Unable to disassemble EXTERNAL block location: 00105038 (DecompileCallback)  
/* ---- fputs @ 00105038 ---- */

/* WARNING: Control flow encountered bad instruction data */
/* WARNING: Unknown calling convention -- yet parameter storage is locked */

int fputs(char *__s,FILE *__stream)

{
                    /* WARNING: Bad instruction - Truncating control flow here */
  halt_baddata();
}



WARN  Decompiling 00105060, pcode error at 00105060: Unable to disassemble EXTERNAL block location: 00105060 (DecompileCallback)  
/* ---- strdup @ 00105060 ---- */

/* WARNING: Control flow encountered bad instruction data */
/* WARNING: Unknown calling convention -- yet parameter storage is locked */

char * strdup(char *__s)

{
                    /* WARNING: Bad instruction - Truncating control flow here */
  halt_baddata();
}



=== REVCTF-GHIDRA-END ===
INFO  ANALYZING changes made by post scripts: file:///home/jijo/revctf-realworld/bbbbloat (HeadlessAnalyzer)  
INFO  REPORT: Post-analysis succeeded for file: file:///home/jijo/revctf-realworld/bbbbloat (HeadlessAnalyzer)  
INFO  REPORT: Save succeeded for: /bbbbloat (revctf:/bbbbloat) (HeadlessAnalyzer)  
INFO  REPORT: Import succeeded (HeadlessAnalyzer)  
